15:35:44 **** Incremental Build of configuration Debug for project demo2 ****
make -j4 all 
arm-none-eabi-gcc "../Src/main.c" -mcpu=cortex-m4 -std=gnu11 -g3 -DSTM32 -DSTM32F407G_DISC1 -DSTM32F4 -DSTM32F407VGTx -DDEBUG -c -I../Inc -O0 -ffunction-sections -fdata-sections -Wall -fstack-usage -MMD -MP -MF"Src/main.d" -MT"Src/main.o" --specs=nano.specs -mfpu=fpv4-sp-d16 -mfloat-abi=hard -mthumb -o "Src/main.o"
arm-none-eabi-gcc -o "demo2.elf" @"objects.list"   -mcpu=cortex-m4 -T"/home/milind/Documents/embedded/stm-disc1/projects/demo2/STM32F407VGTX_FLASH.ld" --specs=nosys.specs -Wl,-Map="demo2.map" -Wl,--gc-sections -static --specs=nano.specs -mfpu=fpv4-sp-d16 -mfloat-abi=hard -mthumb -Wl,--start-group -lc -lm -Wl,--end-group
Finished building target: demo2.elf
 
arm-none-eabi-objdump -h -S  demo2.elf  > "demo2.list"
arm-none-eabi-objcopy  -O binary  demo2.elf  "demo2.bin"
arm-none-eabi-size   demo2.elf 
Finished building: demo2.bin
 
   text	   data	    bss	    dec	    hex	filename
    716	      8	   1568	   2292	    8f4	demo2.elf
Finished building: default.size.stdout
 
Finished building: demo2.list
 

15:35:45 Build Finished. 0 errors, 0 warnings. (took 825ms)

