03:14:54 **** Incremental Build of configuration Debug for project 01HALLedToggle ****
make -j4 all 
arm-none-eabi-gcc "../Core/Src/main.c" -mcpu=cortex-m4 -std=gnu11 -g3 -DUSE_HAL_DRIVER -DDEBUG -DSTM32F407xx -c -I../Core/Inc -I../Drivers/STM32F4xx_HAL_Driver/Inc -I../Drivers/STM32F4xx_HAL_Driver/Inc/Legacy -I../Drivers/CMSIS/Device/ST/STM32F4xx/Include -I../Drivers/CMSIS/Include -O0 -ffunction-sections -fdata-sections -Wall -fstack-usage -MMD -MP -MF"Core/Src/main.d" -MT"Core/Src/main.o" --specs=nano.specs -mfpu=fpv4-sp-d16 -mfloat-abi=hard -mthumb -o "Core/Src/main.o"
arm-none-eabi-gcc -o "01HALLedToggle.elf" @"objects.list"   -mcpu=cortex-m4 -T"D:\GENESIS_WEEK3\01HALLedToggle\STM32F407VGTX_FLASH.ld" --specs=nosys.specs -Wl,-Map="01HALLedToggle.map" -Wl,--gc-sections -static --specs=nano.specs -mfpu=fpv4-sp-d16 -mfloat-abi=hard -mthumb -Wl,--start-group -lc -lm -Wl,--end-group
Finished building target: 01HALLedToggle.elf
 
arm-none-eabi-objdump -h -S  01HALLedToggle.elf  > "01HALLedToggle.list"
arm-none-eabi-objcopy  -O binary  01HALLedToggle.elf  "01HALLedToggle.bin"
arm-none-eabi-size   01HALLedToggle.elf 
   text	   data	    bss	    dec	    hex	filename
   6016	     20	   1572	   7608	   1db8	01HALLedToggle.elf
Finished building: default.size.stdout
 
Finished building: 01HALLedToggle.bin
Finished building: 01HALLedToggle.list
 
 
03:14:58 **** Incremental Build of configuration Debug for project 01HALLedToggle ****
make -j4 all 
arm-none-eabi-size   01HALLedToggle.elf 
   text	   data	    bss	    dec	    hex	filename
   6016	     20	   1572	   7608	   1db8	01HALLedToggle.elf
Finished building: default.size.stdout
 
